// Jest Snapshot v1, https://goo.gl/fbAQLP

exports[`<Nav /> renders 1`] = `
<styles__Container>
  <li>
    <Link
      href="/items"
    >
      <a>
        Shop
      </a>
    </Link>
  </li>
  <li>
    <Link
      href="/"
    >
      <a>
        Sell
      </a>
    </Link>
  </li>
  <li>
    <Link
      href="/"
    >
      <a>
        Signup
      </a>
    </Link>
  </li>
  <li>
    <Link
      href="/"
    >
      <a>
        Orders
      </a>
    </Link>
  </li>
</styles__Container>
`;
